// Jest Snapshot v1, https://goo.gl/fbAQLP

exports[`AppMain.prototype.render Should be render correctly 1`] = `"<header class=\\"undefined\\"><form><input type=\\"submit\\" value=\\"Search\\"><input type=\\"text\\" placeholder=\\"Search\\" class=\\"undefined__search\\"></form></header>"`;
